
riscv.elf:     file format elf32-littleriscv


Disassembly of section .text:

00000000 <_start>:
   0:	10000413          	li	s0,256
   4:	20000293          	li	t0,512
   8:	00100313          	li	t1,1
   c:	00100393          	li	t2,1

00000010 <senhorloop>:
  10:	00139393          	slli	t2,t2,0x1
  14:	00742223          	sw	t2,4(s0)
  18:	fe729ce3          	bne	t0,t2,10 <senhorloop>

0000001c <corinthiansmenotti2012>:
  1c:	0013d393          	srli	t2,t2,0x1
  20:	00742223          	sw	t2,4(s0)
  24:	fe639ce3          	bne	t2,t1,1c <corinthiansmenotti2012>
  28:	fe9ff06f          	j	10 <senhorloop>

Disassembly of section .riscv.attributes:

00000000 <.riscv.attributes>:
   0:	1941                	.insn	2, 0x1941
   2:	0000                	.insn	2, 0x
   4:	7200                	.insn	2, 0x7200
   6:	7369                	.insn	2, 0x7369
   8:	01007663          	bgeu	zero,a6,14 <senhorloop+0x4>
   c:	0000000f          	fence	unknown,unknown
  10:	7205                	.insn	2, 0x7205
  12:	3376                	.insn	2, 0x3376
  14:	6932                	.insn	2, 0x6932
  16:	7032                	.insn	2, 0x7032
  18:	0031                	.insn	2, 0x0031
